[2025-12-27 15:27:01] production.ERROR: SQLSTATE[HY000] [1045] Access denied for user 'jexactyl'@'localhost' (using password: NO) (Connection: mysql, SQL: select * from `schedules` where exists (select * from `servers` where `schedules`.`server_id` = `servers`.`id` and `status` is null) and `is_active` = 1 and `is_processing` = 0 and next_run_at <= NOW()) {"exception":"[object] (Illuminate\\Database\\QueryException(code: 1045): SQLSTATE[HY000] [1045] Access denied for user 'jexactyl'@'localhost' (using password: NO) (Connection: mysql, SQL: select * from `schedules` where exists (select * from `servers` where `schedules`.`server_id` = `servers`.`id` and `status` is null) and `is_active` = 1 and `is_processing` = 0 and next_run_at <= NOW()) at /var/www/jexactyl/vendor/laravel/framework/src/Illuminate/Database/Connection.php:760)
[stacktrace]
#0 /var/www/jexactyl/vendor/laravel/framework/src/Illuminate/Database/Connection.php(720): Illuminate\\Database\\Connection->runQueryCallback()
#1 /var/www/jexactyl/vendor/laravel/framework/src/Illuminate/Database/Connection.php(405): Illuminate\\Database\\Connection->run()
#2 /var/www/jexactyl/vendor/laravel/framework/src/Illuminate/Database/Query/Builder.php(2718): Illuminate\\Database\\Connection->select()
#3 /var/www/jexactyl/vendor/laravel/framework/src/Illuminate/Database/Query/Builder.php(2707): Illuminate\\Database\\Query\\Builder->runSelect()
#4 /var/www/jexactyl/vendor/laravel/framework/src/Illuminate/Database/Query/Builder.php(3247): Illuminate\\Database\\Query\\Builder->Illuminate\\Database\\Query\\{closure}()
#5 /var/www/jexactyl/vendor/laravel/framework/src/Illuminate/Database/Query/Builder.php(2706): Illuminate\\Database\\Query\\Builder->onceWithColumns()
#6 /var/www/jexactyl/vendor/laravel/framework/src/Illuminate/Database/Eloquent/Builder.php(710): Illuminate\\Database\\Query\\Builder->get()
#7 /var/www/jexactyl/vendor/laravel/framework/src/Illuminate/Database/Eloquent/Builder.php(694): Illuminate\\Database\\Eloquent\\Builder->getModels()
#8 /var/www/jexactyl/app/Console/Commands/Schedule/ProcessRunnableCommand.php(29): Illuminate\\Database\\Eloquent\\Builder->get()
#9 /var/www/jexactyl/vendor/laravel/framework/src/Illuminate/Container/BoundMethod.php(36): Everest\\Console\\Commands\\Schedule\\ProcessRunnableCommand->handle()
#10 /var/www/jexactyl/vendor/laravel/framework/src/Illuminate/Container/Util.php(41): Illuminate\\Container\\BoundMethod::Illuminate\\Container\\{closure}()
#11 /var/www/jexactyl/vendor/laravel/framework/src/Illuminate/Container/BoundMethod.php(93): Illuminate\\Container\\Util::unwrapIfClosure()
#12 /var/www/jexactyl/vendor/laravel/framework/src/Illuminate/Container/BoundMethod.php(35): Illuminate\\Container\\BoundMethod::callBoundMethod()
#13 /var/www/jexactyl/vendor/laravel/framework/src/Illuminate/Container/Container.php(661): Illuminate\\Container\\BoundMethod::call()
#14 /var/www/jexactyl/vendor/laravel/framework/src/Illuminate/Console/Command.php(194): Illuminate\\Container\\Container->call()
#15 /var/www/jexactyl/vendor/symfony/console/Command/Command.php(312): Illuminate\\Console\\Command->execute()
#16 /var/www/jexactyl/vendor/laravel/framework/src/Illuminate/Console/Command.php(163): Symfony\\Component\\Console\\Command\\Command->run()
#17 /var/www/jexactyl/vendor/symfony/console/Application.php(1022): Illuminate\\Console\\Command->run()
#18 /var/www/jexactyl/vendor/symfony/console/Application.php(314): Symfony\\Component\\Console\\Application->doRunCommand()
#19 /var/www/jexactyl/vendor/symfony/console/Application.php(168): Symfony\\Component\\Console\\Application->doRun()
#20 /var/www/jexactyl/vendor/laravel/framework/src/Illuminate/Console/Application.php(102): Symfony\\Component\\Console\\Application->run()
#21 /var/www/jexactyl/vendor/laravel/framework/src/Illuminate/Foundation/Console/Kernel.php(155): Illuminate\\Console\\Application->run()
#22 /var/www/jexactyl/artisan(35): Illuminate\\Foundation\\Console\\Kernel->handle()
#23 {main}

[previous exception] [object] (PDOException(code: 1045): SQLSTATE[HY000] [1045] Access denied for user 'jexactyl'@'localhost' (using password: NO) at /var/www/jexactyl/vendor/laravel/framework/src/Illuminate/Database/Connectors/Connector.php:65)
[stacktrace]
#0 /var/www/jexactyl/vendor/laravel/framework/src/Illuminate/Database/Connectors/Connector.php(65): PDO->__construct()
#1 /var/www/jexactyl/vendor/laravel/framework/src/Illuminate/Database/Connectors/Connector.php(44): Illuminate\\Database\\Connectors\\Connector->createPdoConnection()
#2 /var/www/jexactyl/vendor/laravel/framework/src/Illuminate/Database/Connectors/MySqlConnector.php(24): Illuminate\\Database\\Connectors\\Connector->createConnection()
#3 /var/www/jexactyl/vendor/laravel/framework/src/Illuminate/Database/Connectors/ConnectionFactory.php(184): Illuminate\\Database\\Connectors\\MySqlConnector->connect()
#4 [internal function]: Illuminate\\Database\\Connectors\\ConnectionFactory->Illuminate\\Database\\Connectors\\{closure}()
#5 /var/www/jexactyl/vendor/laravel/framework/src/Illuminate/Database/Connection.php(1177): call_user_func()
#6 /var/www/jexactyl/vendor/laravel/framework/src/Illuminate/Database/Connection.php(1213): Illuminate\\Database\\Connection->getPdo()
#7 /var/www/jexactyl/vendor/laravel/framework/src/Illuminate/Database/Connection.php(486): Illuminate\\Database\\Connection->getReadPdo()
#8 /var/www/jexactyl/vendor/laravel/framework/src/Illuminate/Database/Connection.php(414): Illuminate\\Database\\Connection->getPdoForSelect()
#9 /var/www/jexactyl/vendor/laravel/framework/src/Illuminate/Database/Connection.php(753): Illuminate\\Database\\Connection->Illuminate\\Database\\{closure}()
#10 /var/www/jexactyl/vendor/laravel/framework/src/Illuminate/Database/Connection.php(720): Illuminate\\Database\\Connection->runQueryCallback()
#11 /var/www/jexactyl/vendor/laravel/framework/src/Illuminate/Database/Connection.php(405): Illuminate\\Database\\Connection->run()
#12 /var/www/jexactyl/vendor/laravel/framework/src/Illuminate/Database/Query/Builder.php(2718): Illuminate\\Database\\Connection->select()
#13 /var/www/jexactyl/vendor/laravel/framework/src/Illuminate/Database/Query/Builder.php(2707): Illuminate\\Database\\Query\\Builder->runSelect()
#14 /var/www/jexactyl/vendor/laravel/framework/src/Illuminate/Database/Query/Builder.php(3247): Illuminate\\Database\\Query\\Builder->Illuminate\\Database\\Query\\{closure}()
#15 /var/www/jexactyl/vendor/laravel/framework/src/Illuminate/Database/Query/Builder.php(2706): Illuminate\\Database\\Query\\Builder->onceWithColumns()
#16 /var/www/jexactyl/vendor/laravel/framework/src/Illuminate/Database/Eloquent/Builder.php(710): Illuminate\\Database\\Query\\Builder->get()
#17 /var/www/jexactyl/vendor/laravel/framework/src/Illuminate/Database/Eloquent/Builder.php(694): Illuminate\\Database\\Eloquent\\Builder->getModels()
#18 /var/www/jexactyl/app/Console/Commands/Schedule/ProcessRunnableCommand.php(29): Illuminate\\Database\\Eloquent\\Builder->get()
#19 /var/www/jexactyl/vendor/laravel/framework/src/Illuminate/Container/BoundMethod.php(36): Everest\\Console\\Commands\\Schedule\\ProcessRunnableCommand->handle()
#20 /var/www/jexactyl/vendor/laravel/framework/src/Illuminate/Container/Util.php(41): Illuminate\\Container\\BoundMethod::Illuminate\\Container\\{closure}()
#21 /var/www/jexactyl/vendor/laravel/framework/src/Illuminate/Container/BoundMethod.php(93): Illuminate\\Container\\Util::unwrapIfClosure()
#22 /var/www/jexactyl/vendor/laravel/framework/src/Illuminate/Container/BoundMethod.php(35): Illuminate\\Container\\BoundMethod::callBoundMethod()
#23 /var/www/jexactyl/vendor/laravel/framework/src/Illuminate/Container/Container.php(661): Illuminate\\Container\\BoundMethod::call()
#24 /var/www/jexactyl/vendor/laravel/framework/src/Illuminate/Console/Command.php(194): Illuminate\\Container\\Container->call()
#25 /var/www/jexactyl/vendor/symfony/console/Command/Command.php(312): Illuminate\\Console\\Command->execute()
#26 /var/www/jexactyl/vendor/laravel/framework/src/Illuminate/Console/Command.php(163): Symfony\\Component\\Console\\Command\\Command->run()
#27 /var/www/jexactyl/vendor/symfony/console/Application.php(1022): Illuminate\\Console\\Command->run()
#28 /var/www/jexactyl/vendor/symfony/console/Application.php(314): Symfony\\Component\\Console\\Application->doRunCommand()
#29 /var/www/jexactyl/vendor/symfony/console/Application.php(168): Symfony\\Component\\Console\\Application->doRun()
#30 /var/www/jexactyl/vendor/laravel/framework/src/Illuminate/Console/Application.php(102): Symfony\\Component\\Console\\Application->run()
#31 /var/www/jexactyl/vendor/laravel/framework/src/Illuminate/Foundation/Console/Kernel.php(155): Illuminate\\Console\\Application->run()
#32 /var/www/jexactyl/artisan(35): Illuminate\\Foundation\\Console\\Kernel->handle()
#33 {main}
"} 
[2025-12-27 15:27:13] production.NOTICE: A query exception was encountered while trying to load settings from the database: SQLSTATE[HY000] [1045] Access denied for user 'jexactyl'@'localhost' (using password: NO) (Connection: mysql, SQL: select * from `settings`)  
[2025-12-27 15:27:13] production.NOTICE: A query exception was encountered while trying to load theme configuration from the database: SQLSTATE[HY000] [1045] Access denied for user 'jexactyl'@'localhost' (using password: NO) (Connection: mysql, SQL: select * from `theme`)  
